Característica: Gestión de Usuarios en Ferremás # features/usuarios.feature:2
  Como administrador del sistema Ferremás
  Quiero gestionar usuarios con diferentes roles
  Para mantener actualizado el sistema de permisos
  Antecedentes:   # features/usuarios.feature:7

  Escenario: Acceder al panel de gestión de usuarios                                   # features/usuarios.feature:13
    Dado que el sistema Ferremás está iniciado                                         # features/steps/usuario_steps.py:78
    Y estoy en la página de login                                                      # features/steps/usuario_steps.py:84
    Y me autentico como administrador con usuario "admin_test" y contraseña "empanada" # features/steps/usuario_steps.py:93
    Cuando navego hacia el panel de administración principal                           # features/steps/usuario_steps.py:188
    Y selecciono la opción de menú lateral "Usuarios"                                  # features/steps/usuario_steps.py:194
    Entonces debo ver la página "Gestión de Usuarios"                                  # features/steps/usuario_steps.py:572
    Y debo ver el botón "Crear usuario"                                                # features/steps/usuario_steps.py:611
    Y debo ver la tabla de usuarios existentes                                         # features/steps/usuario_steps.py:409

  Escenario: Crear un nuevo usuario con rol Bodeguero exitosamente                     # features/usuarios.feature:21
    Dado que el sistema Ferremás está iniciado                                         # features/steps/usuario_steps.py:78
    Y estoy en la página de login                                                      # features/steps/usuario_steps.py:84
    Y me autentico como administrador con usuario "admin_test" y contraseña "empanada" # features/steps/usuario_steps.py:93
    Dado que estoy en el panel de gestión de usuarios                                  # features/steps/usuario_steps.py:579
    Cuando activo el área de formulario para crear usuario                             # features/steps/usuario_steps.py:211
    Y relleno los siguientes datos para el nuevo usuario:                              # features/steps/usuario_steps.py:583
      | campo      | valor              |
      | username   | jperez             |
      | first_name | Juan               |
      | last_name  | Pérez              |
      | email      | jperez@ferremas.cl |
      | password1  | Bodega2024!        |
      | password2  | Bodega2024!        |
      | group      | Bodeguero          |
    Y presiono el botón general con texto "Crear usuario"                              # features/steps/usuario_steps.py:234
    Y el usuario "jperez" debe aparecer en la lista de usuarios                        # features/steps/usuario_steps.py:432
    Y el usuario "jperez" debe tener el rol "Bodeguero"                                # features/steps/usuario_steps.py:439

  Escenario: Intentar crear usuario con nombre de usuario duplicado                    # features/usuarios.feature:38
    Dado que el sistema Ferremás está iniciado                                         # features/steps/usuario_steps.py:78
    Y estoy en la página de login                                                      # features/steps/usuario_steps.py:84
    Y me autentico como administrador con usuario "admin_test" y contraseña "empanada" # features/steps/usuario_steps.py:93
    Dado que existe un usuario con username "mtorres"                                  # features/steps/usuario_steps.py:587
    Y estoy en el panel de gestión de usuarios                                         # features/steps/usuario_steps.py:115
    Cuando activo el área de formulario para crear usuario                             # features/steps/usuario_steps.py:211
    Y ingreso manualmente el username "mtorres" en el campo correspondiente            # features/steps/usuario_steps.py:256
    Y completo todos los campos obligatorios con valores genéricos                     # features/steps/usuario_steps.py:264
    Y presiono el botón general con texto "Crear usuario"                              # features/steps/usuario_steps.py:234
    Entonces debo ver el mensaje de error "Ya existe un usuario con ese nombre"        # features/steps/usuario_steps.py:450
    Y el formulario debe resaltar el campo "username" en rojo                          # features/steps/usuario_steps.py:466

  Escenario: Eliminar un usuario del sistema con confirmación                                              # features/usuarios.feature:49
    Dado que el sistema Ferremás está iniciado                                                             # features/steps/usuario_steps.py:78
    Y estoy en la página de login                                                                          # features/steps/usuario_steps.py:84
    Y me autentico como administrador con usuario "admin_test" y contraseña "empanada"                     # features/steps/usuario_steps.py:93
    Dado que existe un usuario con nombre "María González" en el sistema                                   # features/steps/usuario_steps.py:591
    Y estoy en el panel de gestión de usuarios                                                             # features/steps/usuario_steps.py:115
    Cuando busco visualmente al usuario registrado "mgonzalez" en la tabla                                 # features/steps/usuario_steps.py:289
    Y presiono el botón de eliminación del usuario actualmente registrado                                  # features/steps/usuario_steps.py:296
    Entonces debo ver un diálogo de confirmación con el texto "¿Seguro que quieres eliminar este usuario?" # features/steps/usuario_steps.py:473
    Cuando confirmo la acción de eliminación mediante el diálogo emergente                                 # features/steps/usuario_steps.py:317
    Entonces debo ver el mensaje "Usuario eliminado correctamente"                                         # features/steps/usuario_steps.py:418
    Y el usuario "mgonzalez" no debe aparecer en la lista                                                  # features/steps/usuario_steps.py:482

  Escenario: Modificar información de usuario existente                                # features/usuarios.feature:60
    Dado que el sistema Ferremás está iniciado                                         # features/steps/usuario_steps.py:78
    Y estoy en la página de login                                                      # features/steps/usuario_steps.py:84
    Y me autentico como administrador con usuario "admin_test" y contraseña "empanada" # features/steps/usuario_steps.py:93
    Dado que existe un usuario "atflores" con rol "Vendedor"                           # features/steps/usuario_steps.py:599
    Y estoy en el panel de gestión de usuarios                                         # features/steps/usuario_steps.py:115
    Cuando accedo al modo de edición del usuario con username "atflores"               # features/steps/usuario_steps.py:335
    Entonces debo ver el formulario de edición con datos precargados                   # features/steps/usuario_steps.py:501
    Cuando modifico el campo de email a la dirección "ana.flores@ferremas.cl"          # features/steps/usuario_steps.py:351
    Y actualizo el rol del usuario al valor "Contador"                                 # features/steps/usuario_steps.py:359
    Y presiono el botón general con texto "Guardar cambios"                            # features/steps/usuario_steps.py:234
    Entonces debo ver el mensaje "Usuario editado exitosamente con rol: Contador"      # features/steps/usuario_steps.py:418
    Y debo ser redirigido al panel de usuarios                                         # features/steps/usuario_steps.py:511
    Y el usuario "atflores" debe tener el email "ana.flores@ferremas.cl"               # features/steps/usuario_steps.py:519

  Escenario: Validar que las contraseñas coinciden al crear usuario                    # features/usuarios.feature:73
    Dado que el sistema Ferremás está iniciado                                         # features/steps/usuario_steps.py:78
    Y estoy en la página de login                                                      # features/steps/usuario_steps.py:84
    Y me autentico como administrador con usuario "admin_test" y contraseña "empanada" # features/steps/usuario_steps.py:93
    Dado que estoy en el panel de gestión de usuarios                                  # features/steps/usuario_steps.py:579
    Cuando intento crear un usuario usando contraseñas distintas                       # features/steps/usuario_steps.py:366
      | campo      | valor              |
      | username   | plopez             |
      | first_name | Pedro              |
      | last_name  | López              |
      | email      | plopez@ferremas.cl |
      | password1  | Test2024!          |
      | password2  | Test2025!          |
      | group      | Vendedor           |
    Y presiono el botón general con texto "Crear usuario"                              # features/steps/usuario_steps.py:234
    Entonces debo ver el mensaje de error "Las contraseñas no coinciden"               # features/steps/usuario_steps.py:450
    Y el campo "password2" debe resaltarse en rojo                                     # features/steps/usuario_steps.py:527
    Y el usuario no debe crearse en la base de datos                                   # features/steps/usuario_steps.py:534

  Escenario: Verificar que los roles del sistema están disponibles                     # features/usuarios.feature:90
    Dado que el sistema Ferremás está iniciado                                         # features/steps/usuario_steps.py:78
    Y estoy en la página de login                                                      # features/steps/usuario_steps.py:84
    Y me autentico como administrador con usuario "admin_test" y contraseña "empanada" # features/steps/usuario_steps.py:93
    Dado que estoy en el panel de gestión de usuarios                                  # features/steps/usuario_steps.py:579
    Cuando inspecciono el campo desplegable de selección de "Rol"                      # features/steps/usuario_steps.py:381
    Entonces debo ver las siguientes opciones de rol:                                  # features/steps/usuario_steps.py:603
      | rol       |
      | Bodeguero |
      | Vendedor  |
      | Contador  |

  Escenario: Actualizar datos de usuario sin modificar contraseña                      # features/usuarios.feature:100
    Dado que el sistema Ferremás está iniciado                                         # features/steps/usuario_steps.py:78
    Y estoy en la página de login                                                      # features/steps/usuario_steps.py:84
    Y me autentico como administrador con usuario "admin_test" y contraseña "empanada" # features/steps/usuario_steps.py:93
    Dado que existe un usuario "rcastro" en el sistema                                 # features/steps/usuario_steps.py:607
    Y estoy en el panel de gestión de usuarios                                         # features/steps/usuario_steps.py:115
    Cuando accedo al modo de edición del usuario con username "rcastro"                # features/steps/usuario_steps.py:335
    Y cambio únicamente el campo "first_name" asignándole el valor "Roberto"           # features/steps/usuario_steps.py:389
    Y dejo intencionadamente los campos de contraseña vacíos                           # features/steps/usuario_steps.py:397
    Y presiono el botón general con texto "Guardar cambios"                            # features/steps/usuario_steps.py:234
    Entonces debo ver el mensaje de éxito                                              # features/steps/usuario_steps.py:552
    Y el usuario debe poder iniciar sesión con su contraseña anterior                  # features/steps/usuario_steps.py:564

